[expert-themes.com/html/motor-expert/index.html]
[backblue.gif]
[fade.gif]
[index.html]
[expert-themes.com/html/motor-expert/images/favicon.png]
[expert-themes.com/html/motor-expert/appointment.html]
[expert-themes.com/html/motor-expert/images/logo.png]
[expert-themes.com/html/motor-expert/index-2.html]
[expert-themes.com/html/motor-expert/index-3.html]
[expert-themes.com/html/motor-expert/about.html]
[expert-themes.com/html/motor-expert/team.html]
[expert-themes.com/html/motor-expert/price.html]
[expert-themes.com/html/motor-expert/coming-soon.html]
[expert-themes.com/html/motor-expert/project.html]
[expert-themes.com/html/motor-expert/project-detail.html]
[expert-themes.com/html/motor-expert/services.html]
[expert-themes.com/html/motor-expert/services-2.html]
[expert-themes.com/html/motor-expert/service-detail.html]
[expert-themes.com/html/motor-expert/blog.html]
[expert-themes.com/html/motor-expert/blog-detail.html]
[expert-themes.com/html/motor-expert/error-page.html]
[expert-themes.com/html/motor-expert/shop.html]
[expert-themes.com/html/motor-expert/shop-single.html]
[expert-themes.com/html/motor-expert/checkout.html]
[expert-themes.com/html/motor-expert/cart.html]
[expert-themes.com/html/motor-expert/login.html]
[expert-themes.com/html/motor-expert/contact.html]
[expert-themes.com/html/motor-expert/images/logo-small.png]
[expert-themes.com/html/motor-expert/images/main-slider/image-1.jpg]
[expert-themes.com/html/motor-expert/images/main-slider/image-2.jpg]
[expert-themes.com/html/motor-expert/images/main-slider/image-3.jpg]
[expert-themes.com/html/motor-expert/images/resource/about-img.jpg]
[expert-themes.com/html/motor-expert/images/background/1.jpg]
[expert-themes.com/html/motor-expert/images/background/2.jpg]
[expert-themes.com/html/motor-expert/images/resource/feature-1.jpg]
[expert-themes.com/html/motor-expert/images/resource/feature-2.jpg]
[expert-themes.com/html/motor-expert/images/resource/feature-3.jpg]
[expert-themes.com/html/motor-expert/images/resource/feature-4.jpg]
[expert-themes.com/html/motor-expert/images/gallery/1.jpg]
[expert-themes.com/html/motor-expert/images/gallery/2.jpg]
[expert-themes.com/html/motor-expert/images/gallery/3.jpg]
[expert-themes.com/html/motor-expert/images/gallery/4.jpg]
[expert-themes.com/html/motor-expert/images/gallery/5.jpg]
[expert-themes.com/html/motor-expert/images/gallery/6.jpg]
[expert-themes.com/html/motor-expert/images/background/pattern.png]
[expert-themes.com/html/motor-expert/images/resource/news-1.jpg]
[expert-themes.com/html/motor-expert/images/resource/news-2.jpg]
[expert-themes.com/html/motor-expert/images/resource/team-1.png]
[expert-themes.com/html/motor-expert/images/resource/team-2.png]
[expert-themes.com/html/motor-expert/images/resource/team-3.png]
[expert-themes.com/html/motor-expert/images/background/3.jpg]
[expert-themes.com/html/motor-expert/images/resource/thumb-1.jpg]
[expert-themes.com/html/motor-expert/images/resource/thumb-2.jpg]
[expert-themes.com/html/motor-expert/images/resource/car-image.png]
[expert-themes.com/html/motor-expert/images/icons/map-marker.png]
[expert-themes.com/html/motor-expert/images/clients/1.png]
[expert-themes.com/html/motor-expert/images/clients/2.png]
[expert-themes.com/html/motor-expert/images/clients/3.png]
[expert-themes.com/html/motor-expert/images/clients/4.png]
[expert-themes.com/html/motor-expert/images/clients/5.png]
[expert-themes.com/html/motor-expert/images/background/4.jpg]
[expert-themes.com/html/motor-expert/images/footer-logo.png]
[expert-themes.com/html/motor-expert/images/resource/insta-1.jpg]
[expert-themes.com/html/motor-expert/images/resource/insta-2.jpg]
[expert-themes.com/html/motor-expert/images/resource/insta-3.jpg]
[expert-themes.com/html/motor-expert/images/resource/insta-4.jpg]
[expert-themes.com/html/motor-expert/images/resource/insta-5.jpg]
[expert-themes.com/html/motor-expert/images/resource/insta-6.jpg]
[expert-themes.com/html/motor-expert/js/jquery.js]
[expert-themes.com/html/motor-expert/js/bootstrap.min.js]
[expert-themes.com/html/motor-expert/plugins/revolution/js/jquery.themepunch.revolution.min.js]
[expert-themes.com/html/motor-expert/plugins/revolution/js/jquery.themepunch.tools.min.js]
[expert-themes.com/html/motor-expert/plugins/revolution/js/extensions/revolution.extension.actions.min.js]
[expert-themes.com/html/motor-expert/plugins/revolution/js/extensions/revolution.extension.carousel.min.js]
[expert-themes.com/html/motor-expert/plugins/revolution/js/extensions/revolution.extension.kenburn.min.js]
[expert-themes.com/html/motor-expert/plugins/revolution/js/extensions/revolution.extension.layeranimation.min.js]
[expert-themes.com/html/motor-expert/plugins/revolution/js/extensions/revolution.extension.migration.min.js]
[expert-themes.com/html/motor-expert/plugins/revolution/js/extensions/revolution.extension.navigation.min.js]
[expert-themes.com/html/motor-expert/plugins/revolution/js/extensions/revolution.extension.parallax.min.js]
[expert-themes.com/html/motor-expert/plugins/revolution/js/extensions/revolution.extension.slideanims.min.js]
[expert-themes.com/html/motor-expert/plugins/revolution/js/extensions/revolution.extension.video.min.js]
[expert-themes.com/html/motor-expert/js/main-slider-script.js]
[expert-themes.com/html/motor-expert/js/jquery.fancybox.js]
[expert-themes.com/html/motor-expert/js/owl.js]
[expert-themes.com/html/motor-expert/js/appear.js]
[expert-themes.com/html/motor-expert/js/wow.js]
[expert-themes.com/html/motor-expert/js/mixitup.js]
[expert-themes.com/html/motor-expert/js/validate.js]
[expert-themes.com/html/motor-expert/js/script.js]
[expert-themes.com/html/motor-expert/js/map-script.js]
[expert-themes.com/html/motor-expert/js/color-settings.js]
[expert-themes.com/html/motor-expert/index.html]
[expert-themes.com/html/motor-expert/fonts/glyphicons-halflings-regular.eot]
[expert-themes.com/html/motor-expert/fonts/glyphicons-halflings-regulard41d.eot]
[expert-themes.com/html/motor-expert/fonts/glyphicons-halflings-regular.woff2]
[expert-themes.com/html/motor-expert/fonts/glyphicons-halflings-regular.woff]
[expert-themes.com/html/motor-expert/fonts/glyphicons-halflings-regular.ttf]
[expert-themes.com/html/motor-expert/css/bootstrap.css]
[expert-themes.com/html/motor-expert/plugins/revolution/fonts/revicons/revicons90c6.eot]
[expert-themes.com/html/motor-expert/plugins/revolution/fonts/revicons/revicons90c6.woff]
[expert-themes.com/html/motor-expert/plugins/revolution/fonts/revicons/revicons90c6.ttf]
[expert-themes.com/html/motor-expert/plugins/revolution/assets/gridtile.png]
[expert-themes.com/html/motor-expert/plugins/revolution/assets/gridtile_white.png]
[expert-themes.com/html/motor-expert/plugins/revolution/assets/gridtile_3x3.png]
[expert-themes.com/html/motor-expert/plugins/revolution/assets/gridtile_3x3_white.png]
[expert-themes.com/html/motor-expert/plugins/revolution/assets/coloredbg.png]
[expert-themes.com/html/motor-expert/plugins/revolution/assets/loader.gif]
[expert-themes.com/html/motor-expert/plugins/revolution/css/settings.css]
[expert-themes.com/html/motor-expert/plugins/revolution/css/layers.css]
[expert-themes.com/html/motor-expert/plugins/revolution/css/navigation.css]
[expert-themes.com/html/motor-expert/images/icons/plus.png]
[expert-themes.com/html/motor-expert/css/style.css]
[expert-themes.com/html/motor-expert/css/responsive.css]
[expert-themes.com/html/motor-expert/images/icons/tick.png]
[expert-themes.com/html/motor-expert/css/color-switcher-design.css]
[expert-themes.com/html/motor-expert/css/color-themes/default-theme.css]
[expert-themes.com/html/motor-expert/images/logo-3.png]
[expert-themes.com/html/motor-expert/images/background/8.jpg]
[expert-themes.com/html/motor-expert/js/jquery-ui.js]
[expert-themes.com/html/motor-expert/appointment.html]
[expert-themes.com/html/motor-expert/images/logo-2.png]
[expert-themes.com/html/motor-expert/images/background/5.jpg]
[expert-themes.com/html/motor-expert/images/resource/service-1.jpg]
[expert-themes.com/html/motor-expert/images/resource/service-2.jpg]
[expert-themes.com/html/motor-expert/images/resource/service-3.jpg]
[expert-themes.com/html/motor-expert/images/background/pattern-2.png]
[expert-themes.com/html/motor-expert/images/resource/video-img.jpg]
[expert-themes.com/html/motor-expert/images/background/6.jpg]
[expert-themes.com/html/motor-expert/images/resource/thumb-3.jpg]
[expert-themes.com/html/motor-expert/images/resource/car-image-2.png]
[expert-themes.com/html/motor-expert/index-2.html]
[expert-themes.com/html/motor-expert/images/resource/team-4.jpg]
[expert-themes.com/html/motor-expert/images/resource/team-5.jpg]
[expert-themes.com/html/motor-expert/images/resource/team-6.jpg]
[expert-themes.com/html/motor-expert/images/resource/team-7.jpg]
[expert-themes.com/html/motor-expert/images/background/7.jpg]
[expert-themes.com/html/motor-expert/images/resource/mechanic.png]
[expert-themes.com/html/motor-expert/images/resource/thumb-4.jpg]
[expert-themes.com/html/motor-expert/images/resource/news-3.jpg]
[expert-themes.com/html/motor-expert/images/resource/news-4.jpg]
[expert-themes.com/html/motor-expert/index-3.html]
[expert-themes.com/html/motor-expert/about.html]
[expert-themes.com/html/motor-expert/images/resource/team-8.jpg]
[expert-themes.com/html/motor-expert/images/resource/team-9.jpg]
[expert-themes.com/html/motor-expert/images/resource/team-10.jpg]
[expert-themes.com/html/motor-expert/images/resource/team-11.jpg]
[expert-themes.com/html/motor-expert/team.html]
[expert-themes.com/html/motor-expert/price.html]
[expert-themes.com/html/motor-expert/images/background/9.jpg]
[expert-themes.com/html/motor-expert/js/countdown.js]
[expert-themes.com/html/motor-expert/coming-soon.html]
[expert-themes.com/html/motor-expert/images/gallery/7.jpg]
[expert-themes.com/html/motor-expert/images/gallery/8.jpg]
[expert-themes.com/html/motor-expert/images/gallery/9.jpg]
[expert-themes.com/html/motor-expert/project.html]
[expert-themes.com/html/motor-expert/images/resource/project-detail.jpg]
[expert-themes.com/html/motor-expert/images/resource/image-1.jpg]
[expert-themes.com/html/motor-expert/project-detail.html]
[expert-themes.com/html/motor-expert/images/resource/service-4.jpg]
[expert-themes.com/html/motor-expert/images/resource/service-5.jpg]
[expert-themes.com/html/motor-expert/images/resource/service-6.jpg]
[expert-themes.com/html/motor-expert/services.html]
[expert-themes.com/html/motor-expert/services-2.html]
[expert-themes.com/html/motor-expert/images/resource/service-detail.jpg]
[expert-themes.com/html/motor-expert/images/resource/video-img-2.jpg]
[expert-themes.com/html/motor-expert/images/resource/brochure.jpg]
[expert-themes.com/html/motor-expert/service-detail.html]
[expert-themes.com/html/motor-expert/images/resource/blog-list-1.jpg]
[expert-themes.com/html/motor-expert/images/resource/blog-list-2.jpg]
[expert-themes.com/html/motor-expert/images/resource/blog-list-3.jpg]
[expert-themes.com/html/motor-expert/images/resource/blog-list-4.jpg]
[expert-themes.com/html/motor-expert/images/resource/post-thumb-1.jpg]
[expert-themes.com/html/motor-expert/images/resource/post-thumb-2.jpg]
[expert-themes.com/html/motor-expert/images/resource/post-thumb-3.jpg]
[expert-themes.com/html/motor-expert/blog.html]
[expert-themes.com/html/motor-expert/images/resource/blog-detail.jpg]
[expert-themes.com/html/motor-expert/images/resource/thumb-5.jpg]
[expert-themes.com/html/motor-expert/images/resource/thumb-6.jpg]
[expert-themes.com/html/motor-expert/blog-detail.html]
[expert-themes.com/html/motor-expert/images/resource/404-img.png]
[expert-themes.com/html/motor-expert/error-page.html]
[expert-themes.com/html/motor-expert/images/resource/products/1.jpg]
[expert-themes.com/html/motor-expert/images/resource/products/2.jpg]
[expert-themes.com/html/motor-expert/images/resource/products/3.jpg]
[expert-themes.com/html/motor-expert/images/resource/products/4.jpg]
[expert-themes.com/html/motor-expert/images/resource/products/5.jpg]
[expert-themes.com/html/motor-expert/images/resource/products/6.jpg]
[expert-themes.com/html/motor-expert/images/resource/products/7.jpg]
[expert-themes.com/html/motor-expert/images/resource/products/8.jpg]
[expert-themes.com/html/motor-expert/images/resource/products/9.jpg]
[expert-themes.com/html/motor-expert/images/resource/products/thumb-1.jpg]
[expert-themes.com/html/motor-expert/images/resource/products/thumb-2.jpg]
[expert-themes.com/html/motor-expert/images/resource/products/thumb-3.jpg]
[expert-themes.com/html/motor-expert/shop.html]
[expert-themes.com/html/motor-expert/images/resource/products/product-single.jpg]
[expert-themes.com/html/motor-expert/images/resource/review-thumb-1.jpg]
[expert-themes.com/html/motor-expert/images/resource/review-thumb-2.jpg]
[expert-themes.com/html/motor-expert/images/resource/review-thumb-3.jpg]
[expert-themes.com/html/motor-expert/js/jquery.bootstrap-touchspin.js]
[expert-themes.com/html/motor-expert/shop-single.html]
[expert-themes.com/html/motor-expert/images/resource/paypal.jpg]
[expert-themes.com/html/motor-expert/checkout.html]
[expert-themes.com/html/motor-expert/images/resource/products/cart-img.jpg]
[expert-themes.com/html/motor-expert/cart.html]
[expert-themes.com/html/motor-expert/login.html]
[expert-themes.com/html/motor-expert/contact.html]
[expert-themes.com/html/motor-expert/css/color-themes/green-theme.css]
[expert-themes.com/html/motor-expert/css/color-themes/blue-theme.css]
[expert-themes.com/html/motor-expert/css/color-themes/orange-theme.css]
[expert-themes.com/html/motor-expert/css/color-themes/purple-theme.css]
[expert-themes.com/html/motor-expert/css/color-themes/teal-theme.css]
[expert-themes.com/html/motor-expert/css/color-themes/brown-theme.css]
[expert-themes.com/html/motor-expert/css/color-themes/redd-color.css]
[expert-themes.com/html/motor-expert/fonts/glyphicons-halflings-regular.svg]
[expert-themes.com/html/motor-expert/plugins/revolution/fonts/revicons/revicons90c6.svg]
[expert-themes.com/html/motor-expert/plugins/revolution/css/openhand.html]
[expert-themes.com/html/motor-expert/plugins/revolution/css/closedhand.html]
[expert-themes.com/html/motor-expert/fonts/fa-brands-400.eot]
[expert-themes.com/html/motor-expert/fonts/fa-brands-400.woff2]
[expert-themes.com/html/motor-expert/fonts/fa-brands-400d41d.eot]
[expert-themes.com/html/motor-expert/fonts/fa-brands-400.woff]
[expert-themes.com/html/motor-expert/fonts/fa-brands-400.ttf]
[expert-themes.com/html/motor-expert/fonts/fa-regular-400.eot]
[expert-themes.com/html/motor-expert/fonts/fa-regular-400.woff2]
[expert-themes.com/html/motor-expert/fonts/fa-regular-400d41d.eot]
[expert-themes.com/html/motor-expert/fonts/fa-regular-400.woff]
[expert-themes.com/html/motor-expert/fonts/fa-regular-400.ttf]
[expert-themes.com/html/motor-expert/fonts/fa-solid-900.eot]
[expert-themes.com/html/motor-expert/fonts/fa-solid-900.woff2]
[expert-themes.com/html/motor-expert/fonts/fa-solid-900d41d.eot]
[expert-themes.com/html/motor-expert/fonts/fa-solid-900.woff]
[expert-themes.com/html/motor-expert/fonts/fa-solid-900.ttf]
[expert-themes.com/html/motor-expert/css/fontawesome-all.css]
[expert-themes.com/html/motor-expert/fonts/Flaticon.eot]
[expert-themes.com/html/motor-expert/fonts/Flaticon.woff]
[expert-themes.com/html/motor-expert/fonts/Flaticond41d.eot]
[expert-themes.com/html/motor-expert/fonts/Flaticon.ttf]
[expert-themes.com/html/motor-expert/css/flaticon.css]
[expert-themes.com/html/motor-expert/css/animate.css]
[expert-themes.com/html/motor-expert/css/owl.css]
[expert-themes.com/html/motor-expert/css/jquery.fancybox.min.css]
[expert-themes.com/html/motor-expert/css/jquery.touchspin.css]
[expert-themes.com/html/motor-expert/css/hover.css]
[expert-themes.com/html/motor-expert/css/jquery-ui.css]
[expert-themes.com/html/motor-expert/images/icons/preloader.svg]
[expert-themes.com/html/motor-expert/images/icons/icon-select.html]
[expert-themes.com/html/motor-expert/blog-detail-2.html]
[expert-themes.com/html/motor-expert/blog-single.html]
[expert-themes.com/html/motor-expert/shop-detail.html]
[expert-themes.com/html/motor-expert/fonts/fa-brands-400.svg]
[expert-themes.com/html/motor-expert/fonts/fa-regular-400.svg]
[expert-themes.com/html/motor-expert/fonts/fa-solid-900.svg]
[expert-themes.com/html/motor-expert/fonts/Flaticon.svg]
[expert-themes.com/html/motor-expert/css/owl.video.play.html]
[expert-themes.com/html/motor-expert/css/images/ui-icons_444444_256x240.html]
[expert-themes.com/html/motor-expert/css/images/ui-icons_777620_256x240.html]
[expert-themes.com/html/motor-expert/css/images/ui-icons_cc0000_256x240.html]
[expert-themes.com/html/motor-expert/css/images/ui-icons_777777_256x240.html]
